src/adapters/outbound/mock/MockBankEntryRepo.ts(1,38): error TS2307: Cannot find module '../../../../core/application/ports/outbound' or its corresponding type declarations.
src/adapters/outbound/mock/MockBankEntryRepo.ts(2,27): error TS2307: Cannot find module '../../../../core/domain/entities' or its corresponding type declarations.
src/adapters/outbound/mock/MockComplianceRepo.ts(1,39): error TS2307: Cannot find module '../../../../core/application/ports/outbound' or its corresponding type declarations.
src/adapters/outbound/mock/MockComplianceRepo.ts(2,32): error TS2307: Cannot find module '../../../../core/domain/entities' or its corresponding type declarations.
src/adapters/outbound/mock/MockPoolRepo.ts(1,33): error TS2307: Cannot find module '../../../../core/application/ports/outbound' or its corresponding type declarations.
src/adapters/outbound/mock/MockRouteRepo.ts(1,34): error TS2307: Cannot find module '../../../../core/application/ports/outbound' or its corresponding type declarations.
src/adapters/outbound/mock/MockRouteRepo.ts(2,23): error TS2307: Cannot find module '../../../../core/domain/entities' or its corresponding type declarations.
